# serializer version: 1
# name: test_ai_fn
  55
# ---
